<html>
<body>
<pre>
<h1>µVision Build Log</h1>
<h2>Project:</h2>
D:\Program Data\Dropbox\Dropbox\stm32\QUAD\F4-X450\User\IO_Toggle.uvproj
Project File Date:  12/29/2013

<h2>Output:</h2>
Build target 'IO_Toggle'
compiling main.c...
compiling stm32f4xx_it.c...
compiling system_stm32f4xx.c...
compiling sensor.c...
compiling diskTask.c...
compiling buttonTask.c...
compiling AHRSEKF.c...
compiling ledTask.c...
compiling uartTask.c...
compiling kalman.c...
compiling axisTrans.c...
compiling INSEKF.c...
compiling flightConTask.c...
..\User\flightConTask.c(552): warning:  #177-D: variable "printf_buffer" was declared but never referenced
..\User\flightConTask.c(553): warning:  #177-D: variable "string_len" was declared but never referenced
compiling filter.c...
compiling misc.c...
compiling stm32f4xx_rcc.c...
compiling stm32f4xx_exti.c...
compiling stm32f4xx_gpio.c...
compiling stm32f4xx_syscfg.c...
compiling stm32f4xx_usart.c...
compiling stm32f4xx_tim.c...
compiling stm32f4xx_spi.c...
compiling stm32f4xx_sdio.c...
compiling stm32f4xx_dma.c...
compiling stm32f4xx_i2c.c...
assembling startup_stm32f4xx.s...
compiling croutine.c...
compiling list.c...
compiling queue.c...
compiling tasks.c...
compiling timers.c...
compiling heap_2.c...
compiling port.c...
..\Source\portable\port.c(100): warning:  #1207-D: attribute "naked" ignored
..\Source\portable\port.c(102): warning:  #1207-D: attribute "naked" ignored
..\Source\portable\port.c(107): warning:  #1207-D: attribute "naked" ignored
compiling UART.c...
compiling stm324xg_eval.c...
compiling stm324xg_eval_sdio_sd.c...
compiling button.c...
compiling led.c...
compiling pwm.c...
compiling ADIS16405.c...
compiling ultraSonic.c...
compiling ff.c...
compiling diskio.c...
compiling arm_mat_add_f32.c...
compiling arm_mat_inverse_f32.c...
compiling arm_mat_sub_f32.c...
compiling arm_mat_mult_f32.c...
compiling arm_mat_trans_f32.c...
compiling arm_cos_f32.c...
compiling arm_sin_f32.c...
linking...
Program Size: Code=57948 RO-data=4808 RW-data=724 ZI-data=54564  
FromELF: creating hex file...
"..\Object\skyworksF4.axf" - 0 Errors, 5 Warning(s).
Build target 'IO_Toggle'
compiling main.c...
compiling stm32f4xx_it.c...
compiling system_stm32f4xx.c...
compiling sensor.c...
compiling diskTask.c...
compiling buttonTask.c...
compiling AHRSEKF.c...
compiling ledTask.c...
compiling uartTask.c...
compiling kalman.c...
compiling axisTrans.c...
compiling INSEKF.c...
compiling flightConTask.c...
..\User\flightConTask.c(552): warning:  #177-D: variable "printf_buffer" was declared but never referenced
..\User\flightConTask.c(553): warning:  #177-D: variable "string_len" was declared but never referenced
compiling filter.c...
compiling misc.c...
compiling stm32f4xx_rcc.c...
compiling stm32f4xx_exti.c...
compiling stm32f4xx_gpio.c...
compiling stm32f4xx_syscfg.c...
compiling stm32f4xx_usart.c...
compiling stm32f4xx_tim.c...
compiling stm32f4xx_spi.c...
compiling stm32f4xx_sdio.c...
compiling stm32f4xx_dma.c...
compiling stm32f4xx_i2c.c...
assembling startup_stm32f4xx.s...
compiling croutine.c...
compiling list.c...
compiling queue.c...
compiling tasks.c...
compiling timers.c...
compiling heap_2.c...
compiling port.c...
..\Source\portable\port.c(100): warning:  #1207-D: attribute "naked" ignored
..\Source\portable\port.c(102): warning:  #1207-D: attribute "naked" ignored
..\Source\portable\port.c(107): warning:  #1207-D: attribute "naked" ignored
compiling UART.c...
compiling stm324xg_eval.c...
compiling stm324xg_eval_sdio_sd.c...
compiling button.c...
compiling led.c...
compiling pwm.c...
compiling ADIS16405.c...
compiling ultraSonic.c...
compiling ff.c...
compiling diskio.c...
compiling arm_mat_add_f32.c...
compiling arm_mat_inverse_f32.c...
compiling arm_mat_sub_f32.c...
compiling arm_mat_mult_f32.c...
compiling arm_mat_trans_f32.c...
compiling arm_cos_f32.c...
compiling arm_sin_f32.c...
linking...
Program Size: Code=54652 RO-data=4128 RW-data=724 ZI-data=54132  
FromELF: creating hex file...
"..\Object\skyworksF4.axf" - 0 Errors, 5 Warning(s).
Build target 'IO_Toggle'
compiling main.c...
compiling flightConTask.c...
linking...
Program Size: Code=54784 RO-data=4124 RW-data=724 ZI-data=54132  
FromELF: creating hex file...
"..\Object\skyworksF4.axf" - 0 Errors, 0 Warning(s).
Build target 'IO_Toggle'
linking...
Program Size: Code=54784 RO-data=4124 RW-data=724 ZI-data=54132  
FromELF: creating hex file...
"..\Object\skyworksF4.axf" - 0 Errors, 0 Warning(s).
Load "..\\Object\\skyworksF4.axf" 
Set JLink Project File to "D:\Program Data\Dropbox\Dropbox\stm32\QUAD\F4-X450\User\JLinkSettings.ini"
* JLink Info: Device "STM32F407VG" selected (1024 KB flash, 128 KB RAM).
 
JLink info:
------------
DLL: V4.68a, compiled Apr 12 2013 13:26:50
Firmware: J-Link ARM-OB STM32 compiled Aug 22 2012 19:52:04
Hardware: V7.00
S/N : 20090928 
Feature(s) : RDI,FlashDL,FlashBP,JFlash,GDBFull 
 
* JLink Info: Found SWD-DP with ID 0x2BA01477
* JLink Info: Found SWD-DP with ID 0x2BA01477
* JLink Info: TPIU fitted.
* JLink Info: ETM fitted.
* JLink Info: FPUnit: 6 code (BP) slots and 2 literal slots
* JLink Info: Found Cortex-M4 r0p1, Little endian.
ROMTableAddr = 0xE00FF003
 
Target info:
------------
Device: STM32F407VG
VTarget = 3.300V
State of Pins: 
TCK: 0, TDI: 0, TDO: 1, TMS: 0, TRES: 1, TRST: 1
Hardware-Breakpoints: 6
Software-Breakpoints: 8192
Watchpoints:          4
JTAG speed: 500 kHz
 
Erase Done.
Programming Done.
Verify OK.
Application running ...
Build target 'IO_Toggle'
compiling flightConTask.c...
..\User\flightConTask.c(552): warning:  #177-D: variable "printf_buffer" was declared but never referenced
..\User\flightConTask.c(553): warning:  #177-D: variable "string_len" was declared but never referenced
linking...
Program Size: Code=54652 RO-data=4128 RW-data=724 ZI-data=54132  
FromELF: creating hex file...
"..\Object\skyworksF4.axf" - 0 Errors, 2 Warning(s).
Build target 'IO_Toggle'
compiling main.c...
linking...
Program Size: Code=57948 RO-data=4808 RW-data=724 ZI-data=54564  
FromELF: creating hex file...
"..\Object\skyworksF4.axf" - 0 Errors, 0 Warning(s).
Build target 'IO_Toggle'
linking...
Program Size: Code=57948 RO-data=4808 RW-data=724 ZI-data=54564  
FromELF: creating hex file...
"..\Object\skyworksF4.axf" - 0 Errors, 0 Warning(s).
Build target 'IO_Toggle'
linking...
Program Size: Code=57948 RO-data=4808 RW-data=724 ZI-data=54564  
FromELF: creating hex file...
"..\Object\skyworksF4.axf" - 0 Errors, 0 Warning(s).
Load "..\\Object\\skyworksF4.axf" 
Set JLink Project File to "D:\Program Data\Dropbox\Dropbox\stm32\QUAD\F4-X450\User\JLinkSettings.ini"
* JLink Info: Device "STM32F407VG" selected (1024 KB flash, 128 KB RAM).
 
JLink info:
------------
DLL: V4.68a, compiled Apr 12 2013 13:26:50
Firmware: J-Link ARM-OB STM32 compiled Aug 22 2012 19:52:04
Hardware: V7.00
S/N : 20090928 
Feature(s) : RDI,FlashDL,FlashBP,JFlash,GDBFull 
 
* JLink Info: Found SWD-DP with ID 0x2BA01477
* JLink Info: Found SWD-DP with ID 0x2BA01477
* JLink Info: TPIU fitted.
* JLink Info: ETM fitted.
* JLink Info: FPUnit: 6 code (BP) slots and 2 literal slots
* JLink Info: Found Cortex-M4 r0p1, Little endian.
ROMTableAddr = 0xE00FF003
 
Target info:
------------
Device: STM32F407VG
VTarget = 3.300V
State of Pins: 
TCK: 0, TDI: 0, TDO: 1, TMS: 0, TRES: 1, TRST: 1
Hardware-Breakpoints: 6
Software-Breakpoints: 8192
Watchpoints:          4
JTAG speed: 500 kHz
 
Erase Done.
Programming Done.
Verify OK.
Application running ...
Build target 'IO_Toggle'
compiling INSEKF.c...
linking...
Program Size: Code=57948 RO-data=4808 RW-data=724 ZI-data=54564  
FromELF: creating hex file...
"..\Object\skyworksF4.axf" - 0 Errors, 0 Warning(s).
Build target 'IO_Toggle'
linking...
Program Size: Code=57948 RO-data=4808 RW-data=724 ZI-data=54564  
FromELF: creating hex file...
"..\Object\skyworksF4.axf" - 0 Errors, 0 Warning(s).
Load "..\\Object\\skyworksF4.axf" 
Set JLink Project File to "D:\Program Data\Dropbox\Dropbox\stm32\QUAD\F4-X450\User\JLinkSettings.ini"
* JLink Info: Device "STM32F407VG" selected (1024 KB flash, 128 KB RAM).
 
JLink info:
------------
DLL: V4.68a, compiled Apr 12 2013 13:26:50
Firmware: J-Link ARM-OB STM32 compiled Aug 22 2012 19:52:04
Hardware: V7.00
S/N : 20090928 
Feature(s) : RDI,FlashDL,FlashBP,JFlash,GDBFull 
 
* JLink Info: Found SWD-DP with ID 0x2BA01477
* JLink Info: Found SWD-DP with ID 0x2BA01477
* JLink Info: TPIU fitted.
* JLink Info: ETM fitted.
* JLink Info: FPUnit: 6 code (BP) slots and 2 literal slots
* JLink Info: Found Cortex-M4 r0p1, Little endian.
ROMTableAddr = 0xE00FF003
 
Target info:
------------
Device: STM32F407VG
VTarget = 3.300V
State of Pins: 
TCK: 0, TDI: 0, TDO: 1, TMS: 0, TRES: 1, TRST: 1
Hardware-Breakpoints: 6
Software-Breakpoints: 8192
Watchpoints:          4
JTAG speed: 500 kHz
 
Erase Done.
Programming Done.
Verify OK.
Application running ...
Build target 'IO_Toggle'
compiling INSEKF.c...
linking...
Program Size: Code=57948 RO-data=4808 RW-data=796 ZI-data=54492  
FromELF: creating hex file...
"..\Object\skyworksF4.axf" - 0 Errors, 0 Warning(s).
Build target 'IO_Toggle'
compiling INSEKF.c...
linking...
Program Size: Code=57884 RO-data=4808 RW-data=796 ZI-data=54492  
FromELF: creating hex file...
"..\Object\skyworksF4.axf" - 0 Errors, 0 Warning(s).
Load "..\\Object\\skyworksF4.axf" 
Set JLink Project File to "D:\Program Data\Dropbox\Dropbox\stm32\QUAD\F4-X450\User\JLinkSettings.ini"
* JLink Info: Device "STM32F407VG" selected (1024 KB flash, 128 KB RAM).
 
JLink info:
------------
DLL: V4.68a, compiled Apr 12 2013 13:26:50
Firmware: J-Link ARM-OB STM32 compiled Aug 22 2012 19:52:04
Hardware: V7.00
S/N : 20090928 
Feature(s) : RDI,FlashDL,FlashBP,JFlash,GDBFull 
 
* JLink Info: Found SWD-DP with ID 0x2BA01477
* JLink Info: Found SWD-DP with ID 0x2BA01477
* JLink Info: TPIU fitted.
* JLink Info: ETM fitted.
* JLink Info: FPUnit: 6 code (BP) slots and 2 literal slots
* JLink Info: Found Cortex-M4 r0p1, Little endian.
ROMTableAddr = 0xE00FF003
 
Target info:
------------
Device: STM32F407VG
VTarget = 3.300V
State of Pins: 
TCK: 0, TDI: 0, TDO: 1, TMS: 0, TRES: 1, TRST: 1
Hardware-Breakpoints: 6
Software-Breakpoints: 8192
Watchpoints:          4
JTAG speed: 500 kHz
 
Erase Done.
Programming Done.
Verify OK.
Application running ...
Build target 'IO_Toggle'
compiling INSEKF.c...
linking...
Program Size: Code=57948 RO-data=4808 RW-data=796 ZI-data=54492  
FromELF: creating hex file...
"..\Object\skyworksF4.axf" - 0 Errors, 0 Warning(s).
Build target 'IO_Toggle'
linking...
Program Size: Code=57948 RO-data=4808 RW-data=796 ZI-data=54492  
FromELF: creating hex file...
"..\Object\skyworksF4.axf" - 0 Errors, 0 Warning(s).
Build target 'IO_Toggle'
compiling main.c...
compiling flightConTask.c...
linking...
Program Size: Code=54784 RO-data=4124 RW-data=796 ZI-data=54132  
FromELF: creating hex file...
"..\Object\skyworksF4.axf" - 0 Errors, 0 Warning(s).
Build target 'IO_Toggle'
linking...
Program Size: Code=54784 RO-data=4124 RW-data=796 ZI-data=54132  
FromELF: creating hex file...
"..\Object\skyworksF4.axf" - 0 Errors, 0 Warning(s).
