<html>
<body>
<pre>
<h1>µVision Build Log</h1>
<h2>Project:</h2>
G:\Program Data\Dropbox\stm32\QUAD\F4-X450-16405-INS9-5-v0.3\User\IO_Toggle.uvproj
Project File Date:  12/28/2013

<h2>Output:</h2>
Build target 'IO_Toggle'
compiling main.c...
compiling stm32f4xx_it.c...
compiling system_stm32f4xx.c...
compiling sensor.c...
compiling diskTask.c...
compiling buttonTask.c...
compiling AHRSEKF.c...
compiling ledTask.c...
compiling uartTask.c...
compiling kalman.c...
compiling axisTrans.c...
compiling INSEKF.c...
compiling flightConTask.c...
..\User\flightConTask.c(552): warning:  #177-D: variable "printf_buffer" was declared but never referenced
..\User\flightConTask.c(553): warning:  #177-D: variable "string_len" was declared but never referenced
compiling filter.c...
compiling misc.c...
compiling stm32f4xx_rcc.c...
compiling stm32f4xx_exti.c...
compiling stm32f4xx_gpio.c...
compiling stm32f4xx_syscfg.c...
compiling stm32f4xx_usart.c...
compiling stm32f4xx_tim.c...
compiling stm32f4xx_spi.c...
compiling stm32f4xx_sdio.c...
compiling stm32f4xx_dma.c...
compiling stm32f4xx_i2c.c...
assembling startup_stm32f4xx.s...
compiling croutine.c...
compiling list.c...
compiling queue.c...
compiling tasks.c...
compiling timers.c...
compiling heap_2.c...
compiling port.c...
..\Source\portable\port.c(100): warning:  #1207-D: attribute "naked" ignored
..\Source\portable\port.c(102): warning:  #1207-D: attribute "naked" ignored
..\Source\portable\port.c(107): warning:  #1207-D: attribute "naked" ignored
compiling UART.c...
compiling stm324xg_eval.c...
compiling stm324xg_eval_sdio_sd.c...
compiling button.c...
compiling led.c...
compiling pwm.c...
compiling ultraSonic.c...
compiling AHRS.c...
..\User\AHRS.c(92): warning:  #177-D: variable "j" was declared but never referenced
..\User\AHRS.c(95): warning:  #177-D: variable "bbstatus" was declared but never referenced
compiling ff.c...
compiling diskio.c...
compiling arm_mat_add_f32.c...
compiling arm_mat_inverse_f32.c...
compiling arm_mat_sub_f32.c...
compiling arm_mat_mult_f32.c...
compiling arm_mat_trans_f32.c...
compiling arm_cos_f32.c...
compiling arm_sin_f32.c...
linking...
Program Size: Code=54224 RO-data=4124 RW-data=808 ZI-data=54136  
FromELF: creating hex file...
"..\Object\skyworksF4.axf" - 0 Errors, 7 Warning(s).
Build target 'IO_Toggle'
compiling main.c...
compiling stm32f4xx_it.c...
compiling system_stm32f4xx.c...
compiling sensor.c...
compiling diskTask.c...
compiling buttonTask.c...
compiling AHRSEKF.c...
compiling ledTask.c...
compiling uartTask.c...
compiling kalman.c...
compiling axisTrans.c...
compiling INSEKF.c...
compiling flightConTask.c...
..\User\flightConTask.c(552): warning:  #177-D: variable "printf_buffer" was declared but never referenced
..\User\flightConTask.c(553): warning:  #177-D: variable "string_len" was declared but never referenced
compiling filter.c...
compiling misc.c...
compiling stm32f4xx_rcc.c...
compiling stm32f4xx_exti.c...
compiling stm32f4xx_gpio.c...
compiling stm32f4xx_syscfg.c...
compiling stm32f4xx_usart.c...
compiling stm32f4xx_tim.c...
compiling stm32f4xx_spi.c...
compiling stm32f4xx_sdio.c...
compiling stm32f4xx_dma.c...
compiling stm32f4xx_i2c.c...
assembling startup_stm32f4xx.s...
compiling croutine.c...
compiling list.c...
compiling queue.c...
compiling tasks.c...
compiling timers.c...
compiling heap_2.c...
compiling port.c...
..\Source\portable\port.c(100): warning:  #1207-D: attribute "naked" ignored
..\Source\portable\port.c(102): warning:  #1207-D: attribute "naked" ignored
..\Source\portable\port.c(107): warning:  #1207-D: attribute "naked" ignored
compiling UART.c...
compiling stm324xg_eval.c...
compiling stm324xg_eval_sdio_sd.c...
compiling button.c...
compiling led.c...
compiling pwm.c...
compiling ultraSonic.c...
compiling AHRS.c...
..\User\AHRS.c(92): warning:  #177-D: variable "j" was declared but never referenced
..\User\AHRS.c(95): warning:  #177-D: variable "bbstatus" was declared but never referenced
compiling ff.c...
compiling diskio.c...
compiling arm_mat_add_f32.c...
compiling arm_mat_inverse_f32.c...
compiling arm_mat_sub_f32.c...
compiling arm_mat_mult_f32.c...
compiling arm_mat_trans_f32.c...
compiling arm_cos_f32.c...
compiling arm_sin_f32.c...
linking...
Program Size: Code=54224 RO-data=4124 RW-data=808 ZI-data=54136  
FromELF: creating hex file...
"..\Object\skyworksF4.axf" - 0 Errors, 7 Warning(s).
Build target 'IO_Toggle'
compiling sensor.c...
linking...
Program Size: Code=54224 RO-data=4124 RW-data=808 ZI-data=54136  
FromELF: creating hex file...
"..\Object\skyworksF4.axf" - 0 Errors, 0 Warning(s).
Build target 'IO_Toggle'
linking...
Program Size: Code=54224 RO-data=4124 RW-data=808 ZI-data=54136  
FromELF: creating hex file...
"..\Object\skyworksF4.axf" - 0 Errors, 0 Warning(s).
Build target 'IO_Toggle'
linking...
Program Size: Code=54224 RO-data=4124 RW-data=808 ZI-data=54136  
FromELF: creating hex file...
"..\Object\skyworksF4.axf" - 0 Errors, 0 Warning(s).
Build target 'IO_Toggle'
linking...
Program Size: Code=54224 RO-data=4124 RW-data=808 ZI-data=54136  
FromELF: creating hex file...
"..\Object\skyworksF4.axf" - 0 Errors, 0 Warning(s).
Build target 'IO_Toggle'
linking...
Program Size: Code=54224 RO-data=4124 RW-data=808 ZI-data=54136  
FromELF: creating hex file...
"..\Object\skyworksF4.axf" - 0 Errors, 0 Warning(s).
Build target 'IO_Toggle'
linking...
Program Size: Code=54224 RO-data=4124 RW-data=808 ZI-data=54136  
FromELF: creating hex file...
"..\Object\skyworksF4.axf" - 0 Errors, 0 Warning(s).
